<?xml version="1.0" encoding="UTF-8"?>
<testsuites name="jest tests" tests="4" failures="0" errors="0" time="0.23">
  <testsuite name="arith.test.js" errors="0" failures="0" skipped="0" timestamp="2022-03-26T16:09:39" time="0.191" tests="4">
    <testcase classname=" 2 + 3 = 5" name=" 2 + 3 = 5" time="0.002">
    </testcase>
    <testcase classname=" 3 * 4 = 12" name=" 3 * 4 = 12" time="0.001">
    </testcase>
    <testcase classname=" 5 - 6 = -1" name=" 5 - 6 = -1" time="0">
    </testcase>
    <testcase classname=" 8 / 4 = 2" name=" 8 / 4 = 2" time="0.004">
    </testcase>
  </testsuite>
</testsuites>